================================================================
== Vivado RTL Synthesis Results
================================================================
+ General Information:
    * Date:            Wed Jul 16 15:40:41 -0300 2025
    * Version:         2025.1 (Build 6135595 on May 21 2025)
    * Project:         matrix_mult_hw
    * Solution:        hls (Vivado IP Flow Target)
    * Product family:  spartan7
    * Target device:   xc7s50-csga324-1


================================================================
== Run Constraints & Options
================================================================
+ Design Constraints & Options:
    * RTL Synthesis target clock:  10 ns
    * C-Synthesis uncertainty:     27%

+ RTL Synthesis Options:
    * config_export -vivado_synth_strategy:     default
    * config_export -vivado_synth_design_args:  -directive sdx_optimization_effort_high

+ Reporting Options:
    * config_export -vivado_report_level:      2
    * config_export -vivado_max_timing_paths:  10


================================================================
== RTL Synthesis Resource Summary
================================================================
LUT:              3943
FF:               2270
DSP:              48
BRAM:             1
URAM:             0
SRL:              9


================================================================
== RTL Synthesis Timing Summary
================================================================
* Timing was met
+----------------+-------------+
| Timing         | Period (ns) |
+----------------+-------------+
| Target         | 10.000      |
| Post-Synthesis | 5.745       |
+----------------+-------------+


================================================================
== RTL Synthesis Resources
================================================================
+----------------------------------+------+------+-----+------+------+-----+--------+------+---------+----------+--------+
| Name                             | LUT  | FF   | DSP | BRAM | URAM | SRL | Pragma | Impl | Latency | Variable | Source |
+----------------------------------+------+------+-----+------+------+-----+--------+------+---------+----------+--------+
| inst                             | 3943 | 2270 | 48  | 1    |      |     |        |      |         |          |        |
|   (inst)                         | 417  | 841  |     |      |      |     |        |      |         |          |        |
|   control_s_axi_U                | 3222 | 1155 |     | 1    |      |     |        |      |         |          |        |
|   flow_control_loop_delay_pipe_U | 64   | 2    |     |      |      |     |        |      |         |          |        |
|   mul_32s_32s_32_2_1_U1          |      |      |     |      |      |     |        |      |         |          |        |
|   mul_32s_32s_32_2_1_U10         |      |      |     |      |      |     |        |      |         |          |        |
|   mul_32s_32s_32_2_1_U11         |      |      |     |      |      |     |        |      |         |          |        |
|   mul_32s_32s_32_2_1_U12         |      |      |     |      |      |     |        |      |         |          |        |
|   mul_32s_32s_32_2_1_U13         |      |      |     |      |      |     |        |      |         |          |        |
|   mul_32s_32s_32_2_1_U14         |      |      |     |      |      |     |        |      |         |          |        |
|   mul_32s_32s_32_2_1_U15         |      |      |     |      |      |     |        |      |         |          |        |
|   mul_32s_32s_32_2_1_U16         |      |      |     |      |      |     |        |      |         |          |        |
|   mul_32s_32s_32_2_1_U2          |      |      |     |      |      |     |        |      |         |          |        |
|   mul_32s_32s_32_2_1_U3          |      |      |     |      |      |     |        |      |         |          |        |
|   mul_32s_32s_32_2_1_U4          |      |      |     |      |      |     |        |      |         |          |        |
|   mul_32s_32s_32_2_1_U5          |      |      |     |      |      |     |        |      |         |          |        |
|   mul_32s_32s_32_2_1_U6          |      |      |     |      |      |     |        |      |         |          |        |
|   mul_32s_32s_32_2_1_U7          |      |      |     |      |      |     |        |      |         |          |        |
|   mul_32s_32s_32_2_1_U8          |      |      |     |      |      |     |        |      |         |          |        |
|   mul_32s_32s_32_2_1_U9          |      |      |     |      |      |     |        |      |         |          |        |
+----------------------------------+------+------+-----+------+------+-----+--------+------+---------+----------+--------+


================================================================
== RTL Synthesis Fail Fast
================================================================
+-----------------------------------------------------------+-----------+--------+--------+
| Criteria                                                  | Guideline | Actual | Status |
+-----------------------------------------------------------+-----------+--------+--------+
| LUT                                                       | 70%       | 12.10% | OK     |
| FD                                                        | 50%       | 3.48%  | OK     |
| LUTRAM+SRL                                                | 25%       | 21.43% | OK     |
| MUXF7                                                     | 15%       | 0.06%  | OK     |
| DSP                                                       | 80%       | 40.00% | OK     |
| RAMB/FIFO                                                 | 80%       | 0.67%  | OK     |
| DSP+RAMB+URAM (Avg)                                       | 70%       | 20.34% | OK     |
| BUFGCE* + BUFGCTRL                                        | 24        | 0      | OK     |
| DONT_TOUCH (cells/nets)                                   | 0         | 0      | OK     |
| MARK_DEBUG (nets)                                         | 0         | 0      | OK     |
| Control Sets                                              | 611       | 166    | OK     |
| Average Fanout for modules > 100k cells                   | 4         | 2.99   | OK     |
| Max Average Fanout for modules > 100k cells               | 4         | 0      | OK     |
| Non-FD high fanout nets > 10k loads                       | 0         | 0      | OK     |
+-----------------------------------------------------------+-----------+--------+--------+
| TIMING-6 (No common primary clock between related clocks) | 0         | 0      | OK     |
| TIMING-7 (No common node between related clocks)          | 0         | 0      | OK     |
| TIMING-8 (No common period between related clocks)        | 0         | 0      | OK     |
| TIMING-14 (LUT on the clock tree)                         | 0         | 0      | OK     |
| TIMING-35 (No common node in paths with the same clock)   | 0         | 0      | OK     |
+-----------------------------------------------------------+-----------+--------+--------+
| Number of paths above max LUT budgeting (0.575ns)         | 0         | 0      | OK     |
| Number of paths above max Net budgeting (0.403ns)         | 0         | 0      | OK     |
+-----------------------------------------------------------+-----------+--------+--------+


================================================================
== RTL Synthesis Timing Paths
================================================================
* Timing was met
+-------+-------+------------------------------------------+------------------------------------------+--------------+------------+----------------+----------------+--------------+
| Path  | SLACK | STARTPOINT PIN                           | ENDPOINT PIN                             | LOGIC LEVELS | MAX FANOUT | DATAPATH DELAY | DATAPATH LOGIC | DATAPATH NET |
|       |       |                                          |                                          |              |            |                |          DELAY |        DELAY |
+-------+-------+------------------------------------------+------------------------------------------+--------------+------------+----------------+----------------+--------------+
| Path1 | 4.255 | mul_32s_32s_32_2_1_U1/tmp_product__0/CLK | mul_32s_32s_32_2_1_U1/buff0_reg/PCIN[0]  |            0 |          1 |          4.261 |          4.206 |        0.055 |
| Path2 | 4.255 | mul_32s_32s_32_2_1_U1/tmp_product__0/CLK | mul_32s_32s_32_2_1_U1/buff0_reg/PCIN[10] |            0 |          1 |          4.261 |          4.206 |        0.055 |
| Path3 | 4.255 | mul_32s_32s_32_2_1_U1/tmp_product__0/CLK | mul_32s_32s_32_2_1_U1/buff0_reg/PCIN[11] |            0 |          1 |          4.261 |          4.206 |        0.055 |
| Path4 | 4.255 | mul_32s_32s_32_2_1_U1/tmp_product__0/CLK | mul_32s_32s_32_2_1_U1/buff0_reg/PCIN[12] |            0 |          1 |          4.261 |          4.206 |        0.055 |
| Path5 | 4.255 | mul_32s_32s_32_2_1_U1/tmp_product__0/CLK | mul_32s_32s_32_2_1_U1/buff0_reg/PCIN[13] |            0 |          1 |          4.261 |          4.206 |        0.055 |
+-------+-------+------------------------------------------+------------------------------------------+--------------+------------+----------------+----------------+--------------+

    +--------------------------------------+------------------+
    | Path1 Cells                          | Primitive Type   |
    +--------------------------------------+------------------+
    | mul_32s_32s_32_2_1_U1/tmp_product__0 | MULT.dsp.DSP48E1 |
    | mul_32s_32s_32_2_1_U1/buff0_reg      | MULT.dsp.DSP48E1 |
    | mul_32s_32s_32_2_1_U1/tmp_product__0 | MULT.dsp.DSP48E1 |
    | mul_32s_32s_32_2_1_U1/buff0_reg      | MULT.dsp.DSP48E1 |
    | mul_32s_32s_32_2_1_U1/tmp_product__0 | MULT.dsp.DSP48E1 |
    | mul_32s_32s_32_2_1_U1/buff0_reg      | MULT.dsp.DSP48E1 |
    | mul_32s_32s_32_2_1_U1/tmp_product__0 | MULT.dsp.DSP48E1 |
    | mul_32s_32s_32_2_1_U1/buff0_reg      | MULT.dsp.DSP48E1 |
    | mul_32s_32s_32_2_1_U1/tmp_product__0 | MULT.dsp.DSP48E1 |
    | mul_32s_32s_32_2_1_U1/buff0_reg      | MULT.dsp.DSP48E1 |
    +--------------------------------------+------------------+

    +--------------------------------------+------------------+
    | Path2 Cells                          | Primitive Type   |
    +--------------------------------------+------------------+
    | mul_32s_32s_32_2_1_U1/tmp_product__0 | MULT.dsp.DSP48E1 |
    | mul_32s_32s_32_2_1_U1/buff0_reg      | MULT.dsp.DSP48E1 |
    | mul_32s_32s_32_2_1_U1/tmp_product__0 | MULT.dsp.DSP48E1 |
    | mul_32s_32s_32_2_1_U1/buff0_reg      | MULT.dsp.DSP48E1 |
    | mul_32s_32s_32_2_1_U1/tmp_product__0 | MULT.dsp.DSP48E1 |
    | mul_32s_32s_32_2_1_U1/buff0_reg      | MULT.dsp.DSP48E1 |
    | mul_32s_32s_32_2_1_U1/tmp_product__0 | MULT.dsp.DSP48E1 |
    | mul_32s_32s_32_2_1_U1/buff0_reg      | MULT.dsp.DSP48E1 |
    | mul_32s_32s_32_2_1_U1/tmp_product__0 | MULT.dsp.DSP48E1 |
    | mul_32s_32s_32_2_1_U1/buff0_reg      | MULT.dsp.DSP48E1 |
    +--------------------------------------+------------------+

    +--------------------------------------+------------------+
    | Path3 Cells                          | Primitive Type   |
    +--------------------------------------+------------------+
    | mul_32s_32s_32_2_1_U1/tmp_product__0 | MULT.dsp.DSP48E1 |
    | mul_32s_32s_32_2_1_U1/buff0_reg      | MULT.dsp.DSP48E1 |
    | mul_32s_32s_32_2_1_U1/tmp_product__0 | MULT.dsp.DSP48E1 |
    | mul_32s_32s_32_2_1_U1/buff0_reg      | MULT.dsp.DSP48E1 |
    | mul_32s_32s_32_2_1_U1/tmp_product__0 | MULT.dsp.DSP48E1 |
    | mul_32s_32s_32_2_1_U1/buff0_reg      | MULT.dsp.DSP48E1 |
    | mul_32s_32s_32_2_1_U1/tmp_product__0 | MULT.dsp.DSP48E1 |
    | mul_32s_32s_32_2_1_U1/buff0_reg      | MULT.dsp.DSP48E1 |
    | mul_32s_32s_32_2_1_U1/tmp_product__0 | MULT.dsp.DSP48E1 |
    | mul_32s_32s_32_2_1_U1/buff0_reg      | MULT.dsp.DSP48E1 |
    +--------------------------------------+------------------+

    +--------------------------------------+------------------+
    | Path4 Cells                          | Primitive Type   |
    +--------------------------------------+------------------+
    | mul_32s_32s_32_2_1_U1/tmp_product__0 | MULT.dsp.DSP48E1 |
    | mul_32s_32s_32_2_1_U1/buff0_reg      | MULT.dsp.DSP48E1 |
    | mul_32s_32s_32_2_1_U1/tmp_product__0 | MULT.dsp.DSP48E1 |
    | mul_32s_32s_32_2_1_U1/buff0_reg      | MULT.dsp.DSP48E1 |
    | mul_32s_32s_32_2_1_U1/tmp_product__0 | MULT.dsp.DSP48E1 |
    | mul_32s_32s_32_2_1_U1/buff0_reg      | MULT.dsp.DSP48E1 |
    | mul_32s_32s_32_2_1_U1/tmp_product__0 | MULT.dsp.DSP48E1 |
    | mul_32s_32s_32_2_1_U1/buff0_reg      | MULT.dsp.DSP48E1 |
    | mul_32s_32s_32_2_1_U1/tmp_product__0 | MULT.dsp.DSP48E1 |
    | mul_32s_32s_32_2_1_U1/buff0_reg      | MULT.dsp.DSP48E1 |
    +--------------------------------------+------------------+

    +--------------------------------------+------------------+
    | Path5 Cells                          | Primitive Type   |
    +--------------------------------------+------------------+
    | mul_32s_32s_32_2_1_U1/tmp_product__0 | MULT.dsp.DSP48E1 |
    | mul_32s_32s_32_2_1_U1/buff0_reg      | MULT.dsp.DSP48E1 |
    | mul_32s_32s_32_2_1_U1/tmp_product__0 | MULT.dsp.DSP48E1 |
    | mul_32s_32s_32_2_1_U1/buff0_reg      | MULT.dsp.DSP48E1 |
    | mul_32s_32s_32_2_1_U1/tmp_product__0 | MULT.dsp.DSP48E1 |
    | mul_32s_32s_32_2_1_U1/buff0_reg      | MULT.dsp.DSP48E1 |
    | mul_32s_32s_32_2_1_U1/tmp_product__0 | MULT.dsp.DSP48E1 |
    | mul_32s_32s_32_2_1_U1/buff0_reg      | MULT.dsp.DSP48E1 |
    | mul_32s_32s_32_2_1_U1/tmp_product__0 | MULT.dsp.DSP48E1 |
    | mul_32s_32s_32_2_1_U1/buff0_reg      | MULT.dsp.DSP48E1 |
    +--------------------------------------+------------------+


================================================================
== RTL Synthesis Vivado Reports
================================================================
+--------------------------+-----------------------------------------------------------------------+
| Report Type              | Report Location                                                       |
+--------------------------+-----------------------------------------------------------------------+
| design_analysis          | impl/verilog/report/matrix_mult_hw_design_analysis_synth.rpt          |
| failfast                 | impl/verilog/report/matrix_mult_hw_failfast_synth.rpt                 |
| power                    | impl/verilog/report/matrix_mult_hw_power_synth.rpt                    |
| timing                   | impl/verilog/report/matrix_mult_hw_timing_synth.rpt                   |
| timing_paths             | impl/verilog/report/matrix_mult_hw_timing_paths_synth.rpt             |
| utilization              | impl/verilog/report/matrix_mult_hw_utilization_synth.rpt              |
| utilization_hierarchical | impl/verilog/report/matrix_mult_hw_utilization_hierarchical_synth.rpt |
+--------------------------+-----------------------------------------------------------------------+


