

================================================================
== Synthesis Summary Report of 'adder_new'
================================================================
+ General Information: 
    * Date:           Mon Jul 14 19:53:55 2025
    * Version:        2024.2 (Build 5238294 on Nov  8 2024)
    * Project:        adder_new
    * Solution:       hls (Vivado IP Flow Target)
    * Product family: spartan7
    * Target device:  xc7s50-csga324-1
    

+ Performance & Resource Estimates: 
    
    PS: '+' for module; 'o' for loop; '*' for dataflow
    +-------------+------+------+---------+--------+----------+---------+------+----------+------+----+----------+-----------+-----+
    |   Modules   | Issue|      | Latency | Latency| Iteration|         | Trip |          |      |    |          |           |     |
    |   & Loops   | Type | Slack| (cycles)|  (ns)  |  Latency | Interval| Count| Pipelined| BRAM | DSP|    FF    |    LUT    | URAM|
    +-------------+------+------+---------+--------+----------+---------+------+----------+------+----+----------+-----------+-----+
    |+ adder_new  |     -|  1.62|        0|   0.000|         -|        1|     -|        no|     -|   -|  92 (~0%)|  120 (~0%)|    -|
    +-------------+------+------+---------+--------+----------+---------+------+----------+------+----+----------+-----------+-----+


================================================================
== HW Interfaces
================================================================
* S_AXILITE Interfaces
+-------------+------------+---------------+--------+----------+
| Interface   | Data Width | Address Width | Offset | Register |
+-------------+------------+---------------+--------+----------+
| s_axi_BUS_A | 32         | 6             | 32     | 0        |
+-------------+------------+---------------+--------+----------+

* S_AXILITE Registers
+-------------+----------+--------+-------+--------+----------------------------------+----------------------------------------------------------------------+
| Interface   | Register | Offset | Width | Access | Description                      | Bit Fields                                                           |
+-------------+----------+--------+-------+--------+----------------------------------+----------------------------------------------------------------------+
| s_axi_BUS_A | CTRL     | 0x00   | 32    | RW     | Control signals                  | 0=AP_START 1=AP_DONE 2=AP_IDLE 3=AP_READY 7=AUTO_RESTART 9=INTERRUPT |
| s_axi_BUS_A | GIER     | 0x04   | 32    | RW     | Global Interrupt Enable Register | 0=Enable                                                             |
| s_axi_BUS_A | IP_IER   | 0x08   | 32    | RW     | IP Interrupt Enable Register     | 0=CHAN0_INT_EN 1=CHAN1_INT_EN                                        |
| s_axi_BUS_A | IP_ISR   | 0x0c   | 32    | RW     | IP Interrupt Status Register     | 0=CHAN0_INT_ST 1=CHAN1_INT_ST                                        |
| s_axi_BUS_A | a        | 0x20   | 32    | W      | Data signal of a                 |                                                                      |
| s_axi_BUS_A | b        | 0x28   | 32    | W      | Data signal of b                 |                                                                      |
| s_axi_BUS_A | c_i      | 0x30   | 32    | W      | Data signal of c_i               |                                                                      |
| s_axi_BUS_A | c_o      | 0x38   | 32    | R      | Data signal of c_o               |                                                                      |
| s_axi_BUS_A | c_o_ctrl | 0x3c   | 32    | R      | Control signal of c_o            | 0=c_o_ap_vld                                                         |
+-------------+----------+--------+-------+--------+----------------------------------+----------------------------------------------------------------------+

* TOP LEVEL CONTROL
+-----------+------------+-----------+
| Interface | Type       | Ports     |
+-----------+------------+-----------+
| ap_clk    | clock      | ap_clk    |
| ap_rst_n  | reset      | ap_rst_n  |
| interrupt | interrupt  | interrupt |
| ap_ctrl   | ap_ctrl_hs |           |
+-----------+------------+-----------+


================================================================
== SW I/O Information
================================================================
* Top Function Arguments
+----------+-----------+----------+
| Argument | Direction | Datatype |
+----------+-----------+----------+
| a        | in        | char*    |
| b        | in        | char*    |
| c        | inout     | char*    |
+----------+-----------+----------+

* SW-to-HW Mapping
+----------+--------------+----------+------------------------------------+
| Argument | HW Interface | HW Type  | HW Info                            |
+----------+--------------+----------+------------------------------------+
| a        | s_axi_BUS_A  | register | name=a offset=0x20 range=32        |
| b        | s_axi_BUS_A  | register | name=b offset=0x28 range=32        |
| c        | s_axi_BUS_A  | register | name=c_i offset=0x30 range=32      |
| c        | s_axi_BUS_A  | register | name=c_o offset=0x38 range=32      |
| c        | s_axi_BUS_A  | register | name=c_o_ctrl offset=0x3c range=32 |
+----------+--------------+----------+------------------------------------+


================================================================
== Bind Op Report
================================================================
  No bind op info in design

================================================================
== Storage Report
================================================================
+-----------------+-----------+-----------+------+------+--------+----------+------+---------+------------------+
| Name            | Usage     | Type      | BRAM | URAM | Pragma | Variable | Impl | Latency | Bitwidth, Depth, |
|                 |           |           |      |      |        |          |      |         | Banks            |
+-----------------+-----------+-----------+------+------+--------+----------+------+---------+------------------+
| + adder_new     |           |           | 0    | 0    |        |          |      |         |                  |
|   BUS_A_s_axi_U | interface | s_axilite |      |      |        |          |      |         |                  |
+-----------------+-----------+-----------+------+------+--------+----------+------+---------+------------------+


================================================================
== Pragma Report
================================================================
* Valid Pragma Syntax
+-----------+-------------------------------------------------+------------------------------+
| Type      | Options                                         | Location                     |
+-----------+-------------------------------------------------+------------------------------+
| interface | s_axilite port = a bundle = BUS_A offset = 0x20 | adder_new.cpp:4 in adder_new |
| interface | s_axilite port = b bundle = BUS_A offset = 0x28 | adder_new.cpp:5 in adder_new |
| interface | s_axilite port = c bundle = BUS_A offset = 0x30 | adder_new.cpp:6 in adder_new |
| interface | s_axilite port = return bundle = BUS_A          | adder_new.cpp:7 in adder_new |
+-----------+-------------------------------------------------+------------------------------+


