Copyright 1986-2022 Xilinx, Inc. All Rights Reserved. Copyright 2022-2025 Advanced Micro Devices, Inc. All Rights Reserved.
---------------------------------------------------------------------------------------------------------------------------------------------
| Tool Version : Vivado v.2025.1 (win64) Build 6140274 Thu May 22 00:12:29 MDT 2025
| Date         : Fri Jul 18 16:51:48 2025
| Host         : DESKTOP-8L9PMU5 running 64-bit major release  (build 9200)
| Command      : report_control_sets -verbose -file bd_0_wrapper_control_sets_placed.rpt
| Design       : bd_0_wrapper
| Device       : xc7s50
---------------------------------------------------------------------------------------------------------------------------------------------

Control Set Information

Table of Contents
-----------------
1. Summary
2. Histogram
3. Flip-Flop Distribution
4. Detailed Control Set Information

1. Summary
----------

+----------------------------------------------------------+-------+
|                          Status                          | Count |
+----------------------------------------------------------+-------+
| Total control sets                                       |     6 |
|    Minimum number of control sets                        |     6 |
|    Addition due to synthesis replication                 |     0 |
|    Addition due to physical synthesis replication        |     0 |
| Unused register locations in slices containing registers |    24 |
+----------------------------------------------------------+-------+
* Control sets can be merged at opt_design using control_set_merge or merge_equivalent_drivers
** Run report_qor_suggestions for automated merging and remapping suggestions


2. Histogram
------------

+--------------------+-------+
|       Fanout       | Count |
+--------------------+-------+
| Total control sets |     6 |
| >= 0 to < 4        |     0 |
| >= 4 to < 6        |     0 |
| >= 6 to < 8        |     2 |
| >= 8 to < 10       |     0 |
| >= 10 to < 12      |     0 |
| >= 12 to < 14      |     1 |
| >= 14 to < 16      |     0 |
| >= 16              |     3 |
+--------------------+-------+
* Control sets can be remapped at either synth_design or opt_design


3. Flip-Flop Distribution
-------------------------

+--------------+-----------------------+------------------------+-----------------+--------------+
| Clock Enable | Synchronous Set/Reset | Asynchronous Set/Reset | Total Registers | Total Slices |
+--------------+-----------------------+------------------------+-----------------+--------------+
| No           | No                    | No                     |              58 |           19 |
| No           | No                    | Yes                    |               0 |            0 |
| No           | Yes                   | No                     |              28 |           10 |
| Yes          | No                    | No                     |              24 |            9 |
| Yes          | No                    | Yes                    |               0 |            0 |
| Yes          | Yes                   | No                     |              26 |            9 |
+--------------+-----------------------+------------------------+-----------------+--------------+


4. Detailed Control Set Information
-----------------------------------

+--------------+--------------------------------------------------------+--------------------------------------------------------+------------------+----------------+--------------+
| Clock Signal |                      Enable Signal                     |                    Set/Reset Signal                    | Slice Load Count | Bel Load Count | Bels / Slice |
+--------------+--------------------------------------------------------+--------------------------------------------------------+------------------+----------------+--------------+
|  ap_clk      | bd_0_i/hls_inst/inst/control_s_axi_U/int_B/E[0]        |                                                        |                3 |              6 |         2.00 |
|  ap_clk      | bd_0_i/hls_inst/inst/control_s_axi_U/rdata[31]_i_2_n_0 |                                                        |                4 |              6 |         1.50 |
|  ap_clk      | bd_0_i/hls_inst/inst/control_s_axi_U/aw_hs             |                                                        |                2 |             12 |         6.00 |
|  ap_clk      | bd_0_i/hls_inst/inst/control_s_axi_U/rdata[31]_i_2_n_0 | bd_0_i/hls_inst/inst/control_s_axi_U/rdata[31]_i_1_n_0 |                9 |             26 |         2.89 |
|  ap_clk      |                                                        | bd_0_i/hls_inst/inst/control_s_axi_U/ap_rst_n_inv      |               10 |             28 |         2.80 |
|  ap_clk      |                                                        |                                                        |               19 |             65 |         3.42 |
+--------------+--------------------------------------------------------+--------------------------------------------------------+------------------+----------------+--------------+


