Copyright 1986-2022 Xilinx, Inc. All Rights Reserved. Copyright 2022-2025 Advanced Micro Devices, Inc. All Rights Reserved.
---------------------------------------------------------------------------------------------------------------------------------------------
| Tool Version : Vivado v.2025.1 (win64) Build 6140274 Thu May 22 00:12:29 MDT 2025
| Date         : Mon Jul 28 11:12:03 2025
| Host         : DESKTOP-8L9PMU5 running 64-bit major release  (build 9200)
| Command      : report_utilization -hierarchical -hierarchical_depth 5 -file ./report/mult_hw_1600_utilization_hierarchical_synth.rpt
| Design       : bd_0_wrapper
| Device       : xc7s50csga324-1
| Speed File   : -1
| Design State : Synthesized
---------------------------------------------------------------------------------------------------------------------------------------------

Utilization Design Information

Table of Contents
-----------------
1. Utilization by Hierarchy

1. Utilization by Hierarchy
---------------------------

+-----------------------------+--------------------------------------------+------------+------------+---------+------+-----+--------+--------+------------+
|           Instance          |                   Module                   | Total LUTs | Logic LUTs | LUTRAMs | SRLs | FFs | RAMB36 | RAMB18 | DSP Blocks |
+-----------------------------+--------------------------------------------+------------+------------+---------+------+-----+--------+--------+------------+
| bd_0_wrapper                |                                      (top) |        170 |        158 |       0 |   12 | 157 |      6 |      0 |          3 |
|   bd_0_i                    |                                       bd_0 |        170 |        158 |       0 |   12 | 157 |      6 |      0 |          3 |
|     hls_inst                |                            bd_0_hls_inst_0 |        170 |        158 |       0 |   12 | 157 |      6 |      0 |          3 |
|       inst                  |               bd_0_hls_inst_0_mult_hw_1600 |        170 |        158 |       0 |   12 | 157 |      6 |      0 |          3 |
|         (inst)              |               bd_0_hls_inst_0_mult_hw_1600 |         12 |          0 |       0 |   12 |  71 |      0 |      0 |          0 |
|         control_s_axi_U     | bd_0_hls_inst_0_mult_hw_1600_control_s_axi |        117 |        117 |       0 |    0 |  67 |      6 |      0 |          0 |
|           (control_s_axi_U) | bd_0_hls_inst_0_mult_hw_1600_control_s_axi |         38 |         38 |       0 |    0 |  67 |      0 |      0 |          0 |
+-----------------------------+--------------------------------------------+------------+------------+---------+------+-----+--------+--------+------------+


