

================================================================
== Vitis HLS Report for 'mult_hw_1600'
================================================================
* Date:           Mon Jul 28 11:08:53 2025

* Version:        2025.1 (Build 6135595 on May 21 2025)
* Project:        soma_arrays_1600
* Solution:       hls (Vivado IP Flow Target)
* Product family: spartan7
* Target device:  xc7s50-csga324-1


================================================================
== Performance Estimates
================================================================
+ Timing: 
    * Summary: 
    +--------+----------+----------+------------+
    |  Clock |  Target  | Estimated| Uncertainty|
    +--------+----------+----------+------------+
    |ap_clk  |  10.00 ns|  6.890 ns|     2.70 ns|
    +--------+----------+----------+------------+

+ Latency: 
    * Summary: 
    +---------+---------+-----------+-----------+------+------+------------------------------------------------+
    |  Latency (cycles) |   Latency (absolute)  |   Interval  |                    Pipeline                    |
    |   min   |   max   |    min    |    max    |  min |  max |                      Type                      |
    +---------+---------+-----------+-----------+------+------+------------------------------------------------+
    |     1606|     1606|  16.060 us|  16.060 us|  1601|  1601|  loop auto-rewind stp (delay=1 clock cycles(s))|
    +---------+---------+-----------+-----------+------+------+------------------------------------------------+

    + Detail: 
        * Instance: 
        N/A

        * Loop: 
        +------------+---------+---------+----------+-----------+-----------+------+----------+
        |            |  Latency (cycles) | Iteration|  Initiation Interval  | Trip |          |
        |  Loop Name |   min   |   max   |  Latency |  achieved |   target  | Count| Pipelined|
        +------------+---------+---------+----------+-----------+-----------+------+----------+
        |- ROW_LOOP  |     1604|     1604|         6|          1|          1|  1600|       yes|
        +------------+---------+---------+----------+-----------+-----------+------+----------+



================================================================
== Utilization Estimates
================================================================
* Summary: 
+-----------------+---------+-----+-------+-------+-----+
|       Name      | BRAM_18K| DSP |   FF  |  LUT  | URAM|
+-----------------+---------+-----+-------+-------+-----+
|DSP              |        -|    -|      -|      -|    -|
|Expression       |        -|    -|      0|     40|    -|
|FIFO             |        -|    -|      -|      -|    -|
|Instance         |       12|    3|    441|    300|    -|
|Memory           |        -|    -|      -|      -|    -|
|Multiplexer      |        -|    -|      0|     36|    -|
|Register         |        -|    -|    195|     32|    -|
+-----------------+---------+-----+-------+-------+-----+
|Total            |       12|    3|    636|    408|    0|
+-----------------+---------+-----+-------+-------+-----+
|Available        |      150|  120|  65200|  32600|    0|
+-----------------+---------+-----+-------+-------+-----+
|Utilization (%)  |        8|    2|     ~0|      1|    0|
+-----------------+---------+-----+-------+-------+-----+

+ Detail: 
    * Instance: 
    +-----------------------+--------------------+---------+----+-----+-----+-----+
    |        Instance       |       Module       | BRAM_18K| DSP|  FF | LUT | URAM|
    +-----------------------+--------------------+---------+----+-----+-----+-----+
    |control_s_axi_U        |control_s_axi       |       12|   0|  276|  250|    0|
    |mul_32s_32s_32_2_1_U1  |mul_32s_32s_32_2_1  |        0|   3|  165|   50|    0|
    +-----------------------+--------------------+---------+----+-----+-----+-----+
    |Total                  |                    |       12|   3|  441|  300|    0|
    +-----------------------+--------------------+---------+----+-----+-----+-----+

    * DSP: 
    N/A

    * Memory: 
    N/A

    * FIFO: 
    N/A

    * Expression: 
    +---------------------+----------+----+---+----+------------+------------+
    |    Variable Name    | Operation| DSP| FF| LUT| Bitwidth P0| Bitwidth P1|
    +---------------------+----------+----+---+----+------------+------------+
    |i_fu_121_p2          |         +|   0|  0|  18|          11|           1|
    |ap_condition_162     |       and|   0|  0|   2|           1|           1|
    |icmp_ln16_fu_127_p2  |      icmp|   0|  0|  18|          11|          10|
    |ap_enable_pp0        |       xor|   0|  0|   2|           1|           2|
    +---------------------+----------+----+---+----+------------+------------+
    |Total                |          |   0|  0|  40|          24|          14|
    +---------------------+----------+----+---+----+------------+------------+

    * Multiplexer: 
    +----------------------------------+----+-----------+-----+-----------+
    |               Name               | LUT| Input Size| Bits| Total Bits|
    +----------------------------------+----+-----------+-----+-----------+
    |ap_done_int                       |   9|          2|    1|          2|
    |ap_loop_exit_ready_pp0_iter5_reg  |   9|          2|    1|          2|
    |ap_sig_allocacmp_i1_load          |   9|          2|   11|         22|
    |i1_fu_60                          |   9|          2|   11|         22|
    +----------------------------------+----+-----------+-----+-----------+
    |Total                             |  36|          8|   24|         48|
    +----------------------------------+----+-----------+-----+-----------+

    * Register: 
    +--------------------------------------------------+----+----+-----+-----------+
    |                       Name                       | FF | LUT| Bits| Const Bits|
    +--------------------------------------------------+----+----+-----+-----------+
    |A_load_reg_164                                    |  32|   0|   32|          0|
    |B_load_reg_169                                    |  32|   0|   32|          0|
    |ap_CS_fsm                                         |   1|   0|    1|          0|
    |ap_condition_exit_pp0_iter0_stage0_pp0_iter1_reg  |   1|   0|    1|          0|
    |ap_done_reg                                       |   1|   0|    1|          0|
    |ap_enable_reg_pp0_iter1                           |   1|   0|    1|          0|
    |ap_enable_reg_pp0_iter2                           |   1|   0|    1|          0|
    |ap_enable_reg_pp0_iter3                           |   1|   0|    1|          0|
    |ap_enable_reg_pp0_iter4                           |   1|   0|    1|          0|
    |ap_enable_reg_pp0_iter5                           |   1|   0|    1|          0|
    |ap_loop_exit_ready_pp0_iter1_reg                  |   1|   0|    1|          0|
    |ap_loop_exit_ready_pp0_iter2_reg                  |   1|   0|    1|          0|
    |ap_loop_exit_ready_pp0_iter3_reg                  |   1|   0|    1|          0|
    |ap_loop_exit_ready_pp0_iter4_reg                  |   1|   0|    1|          0|
    |ap_loop_exit_ready_pp0_iter5_reg                  |   1|   0|    1|          0|
    |i1_fu_60                                          |  11|   0|   11|          0|
    |mul_ln20_reg_174                                  |  32|   0|   32|          0|
    |zext_ln16_reg_145                                 |  11|   0|   64|         53|
    |zext_ln16_reg_145                                 |  64|  32|   64|         53|
    +--------------------------------------------------+----+----+-----+-----------+
    |Total                                             | 195|  32|  248|        106|
    +--------------------------------------------------+----+----+-----+-----------+



================================================================
== Interface
================================================================
* Summary: 
+-----------------------+-----+-----+------------+--------------+--------------+
|       RTL Ports       | Dir | Bits|  Protocol  | Source Object|    C Type    |
+-----------------------+-----+-----+------------+--------------+--------------+
|s_axi_control_AWVALID  |   in|    1|       s_axi|       control|         array|
|s_axi_control_AWREADY  |  out|    1|       s_axi|       control|         array|
|s_axi_control_AWADDR   |   in|   15|       s_axi|       control|         array|
|s_axi_control_WVALID   |   in|    1|       s_axi|       control|         array|
|s_axi_control_WREADY   |  out|    1|       s_axi|       control|         array|
|s_axi_control_WDATA    |   in|   32|       s_axi|       control|         array|
|s_axi_control_WSTRB    |   in|    4|       s_axi|       control|         array|
|s_axi_control_ARVALID  |   in|    1|       s_axi|       control|         array|
|s_axi_control_ARREADY  |  out|    1|       s_axi|       control|         array|
|s_axi_control_ARADDR   |   in|   15|       s_axi|       control|         array|
|s_axi_control_RVALID   |  out|    1|       s_axi|       control|         array|
|s_axi_control_RREADY   |   in|    1|       s_axi|       control|         array|
|s_axi_control_RDATA    |  out|   32|       s_axi|       control|         array|
|s_axi_control_RRESP    |  out|    2|       s_axi|       control|         array|
|s_axi_control_BVALID   |  out|    1|       s_axi|       control|         array|
|s_axi_control_BREADY   |   in|    1|       s_axi|       control|         array|
|s_axi_control_BRESP    |  out|    2|       s_axi|       control|         array|
|ap_clk                 |   in|    1|  ap_ctrl_hs|  mult_hw_1600|  return value|
|ap_rst_n               |   in|    1|  ap_ctrl_hs|  mult_hw_1600|  return value|
|interrupt              |  out|    1|  ap_ctrl_hs|  mult_hw_1600|  return value|
+-----------------------+-----+-----+------------+--------------+--------------+

